../Core/Src/main.c:110:6:data_write	24	static
../Core/Src/main.c:125:6:comm_write	24	static
../Core/Src/main.c:140:6:init_LCD	8	static
../Core/Src/main.c:156:6:ClearLCD	16	static
../Core/Src/main.c:167:6:DispPic	24	static
../Core/Src/main.c:179:6:PicLoop	16	static
../Core/Src/main.c:186:6:GetWave	8	static
../Core/Src/main.c:205:6:SetWave	8	static
../Core/Src/main.c:218:6:ProgramWave	24	static
../Core/Src/main.c:238:5:main	8	static
../Core/Src/main.c:301:6:SystemClock_Config	80	static
../Core/Src/main.c:337:13:MX_SPI1_Init	8	static
../Core/Src/main.c:377:13:MX_GPIO_Init	48	static
../Core/Src/main.c:430:6:Error_Handler	8	static,ignoring_inline_asm
